Archive member included to satisfy reference by file (symbol)

c:/program files/microchip/xc8/v2.35/avr/bin/../lib/gcc/avr/5.4.0/avrxmega4/memx-const\libgcc.a(_copy_data.o)
                              build/free/production/mcc_generated_files/system/src/config_bits.o (__do_copy_data)
c:/program files/microchip/xc8/v2.35/avr/bin/../lib/gcc/avr/5.4.0/../../../../avr/lib/avrxmega4/memx-const\libc.a(exit.o)
                              C:/Program Files/Microchip/MPLABX/v5.50/packs/Microchip/AVR-Dx_DFP/1.8.112/xc8/avr/lib/avrxmega4/memx-const/crtavr128da48.o (exit)
c:/program files/microchip/xc8/v2.35/avr/bin/../lib/gcc/avr/5.4.0/../../../../avr/lib/avrxmega4/memx-const\libc.a(_Exit.o)
                              c:/program files/microchip/xc8/v2.35/avr/bin/../lib/gcc/avr/5.4.0/../../../../avr/lib/avrxmega4/memx-const\libc.a(exit.o) (_Exit)
c:/program files/microchip/xc8/v2.35/avr/bin/../lib/gcc/avr/5.4.0/avrxmega4/memx-const\libgcc.a(_exit.o)
                              c:/program files/microchip/xc8/v2.35/avr/bin/../lib/gcc/avr/5.4.0/../../../../avr/lib/avrxmega4/memx-const\libc.a(_Exit.o) (_exit)

Discarded input sections

 .data          0x0000000000000000        0x0 C:/Program Files/Microchip/MPLABX/v5.50/packs/Microchip/AVR-Dx_DFP/1.8.112/xc8/avr/lib/avrxmega4/memx-const/crtavr128da48.o
 .bss           0x0000000000000000        0x0 C:/Program Files/Microchip/MPLABX/v5.50/packs/Microchip/AVR-Dx_DFP/1.8.112/xc8/avr/lib/avrxmega4/memx-const/crtavr128da48.o
 .text          0x0000000000000000        0x0 build/free/production/mcc_generated_files/system/src/protected_io.o
 .data          0x0000000000000000        0x0 build/free/production/mcc_generated_files/system/src/protected_io.o
 .bss           0x0000000000000000        0x0 build/free/production/mcc_generated_files/system/src/protected_io.o
 .text          0x0000000000000000        0x0 build/free/production/mcc_generated_files/system/src/interrupt.o
 .data          0x0000000000000000        0x0 build/free/production/mcc_generated_files/system/src/interrupt.o
 .bss           0x0000000000000000        0x0 build/free/production/mcc_generated_files/system/src/interrupt.o
 .text          0x0000000000000000        0x0 build/free/production/mcc_generated_files/system/src/config_bits.o
 .data          0x0000000000000000        0x0 build/free/production/mcc_generated_files/system/src/config_bits.o
 .bss           0x0000000000000000        0x0 build/free/production/mcc_generated_files/system/src/config_bits.o
 .text          0x0000000000000000        0x0 build/free/production/mcc_generated_files/system/src/pins.o
 .data          0x0000000000000000        0x0 build/free/production/mcc_generated_files/system/src/pins.o
 .bss           0x0000000000000000        0x0 build/free/production/mcc_generated_files/system/src/pins.o
 .text.PC6_SetInterruptHandler
                0x0000000000000000        0xa build/free/production/mcc_generated_files/system/src/pins.o
 .text          0x0000000000000000        0x0 build/free/production/mcc_generated_files/system/src/clock.o
 .data          0x0000000000000000        0x0 build/free/production/mcc_generated_files/system/src/clock.o
 .bss           0x0000000000000000        0x0 build/free/production/mcc_generated_files/system/src/clock.o
 .text          0x0000000000000000        0x0 build/free/production/mcc_generated_files/system/src/system.o
 .data          0x0000000000000000        0x0 build/free/production/mcc_generated_files/system/src/system.o
 .bss           0x0000000000000000        0x0 build/free/production/mcc_generated_files/system/src/system.o
 .text          0x0000000000000000        0x0 build/free/production/mcc_generated_files/timer/src/tca1.o
 .data          0x0000000000000000        0x0 build/free/production/mcc_generated_files/timer/src/tca1.o
 .bss           0x0000000000000000        0x0 build/free/production/mcc_generated_files/timer/src/tca1.o
 .text.TCA1_OverflowCallbackRegister
                0x0000000000000000        0xa build/free/production/mcc_generated_files/timer/src/tca1.o
 .text.TCA1_Write
                0x0000000000000000        0xa build/free/production/mcc_generated_files/timer/src/tca1.o
 .text.TCA1_Compare0CallbackRegister
                0x0000000000000000        0xa build/free/production/mcc_generated_files/timer/src/tca1.o
 .text.TCA1_Compare1CallbackRegister
                0x0000000000000000        0xa build/free/production/mcc_generated_files/timer/src/tca1.o
 .text.TCA1_Compare2CallbackRegister
                0x0000000000000000        0xa build/free/production/mcc_generated_files/timer/src/tca1.o
 .text.TCA1_Start
                0x0000000000000000        0xc build/free/production/mcc_generated_files/timer/src/tca1.o
 .text.TCA1_Stop
                0x0000000000000000        0xc build/free/production/mcc_generated_files/timer/src/tca1.o
 .text.TCA1_Read
                0x0000000000000000        0xa build/free/production/mcc_generated_files/timer/src/tca1.o
 .text.TCA1_EnableInterrupt
                0x0000000000000000        0x8 build/free/production/mcc_generated_files/timer/src/tca1.o
 .text.TCA1_DisableInterrupt
                0x0000000000000000        0x6 build/free/production/mcc_generated_files/timer/src/tca1.o
 .text.TCA1_ClearOverflowInterruptFlag
                0x0000000000000000        0xc build/free/production/mcc_generated_files/timer/src/tca1.o
 .text.TCA1_IsOverflowInterruptEnabled
                0x0000000000000000        0xc build/free/production/mcc_generated_files/timer/src/tca1.o
 .text.TCA1_ClearCMP0InterruptFlag
                0x0000000000000000        0xc build/free/production/mcc_generated_files/timer/src/tca1.o
 .text.TCA1_IsCMP0InterruptEnabled
                0x0000000000000000        0xc build/free/production/mcc_generated_files/timer/src/tca1.o
 .text.TCA1_ClearCMP1InterruptFlag
                0x0000000000000000        0xc build/free/production/mcc_generated_files/timer/src/tca1.o
 .text.TCA1_IsCMP1InterruptEnabled
                0x0000000000000000        0xc build/free/production/mcc_generated_files/timer/src/tca1.o
 .text.TCA1_ClearCMP2InterruptFlag
                0x0000000000000000        0xc build/free/production/mcc_generated_files/timer/src/tca1.o
 .text.TCA1_IsCMP2InterruptEnabled
                0x0000000000000000        0xc build/free/production/mcc_generated_files/timer/src/tca1.o
 .progmemx.data.TCA1_Interface
                0x0000000000000000        0xc build/free/production/mcc_generated_files/timer/src/tca1.o
 .text          0x0000000000000000        0x0 build/free/production/main.o
 .data          0x0000000000000000        0x0 build/free/production/main.o
 .bss           0x0000000000000000        0x0 build/free/production/main.o
 .text          0x0000000000000000        0x0 c:/program files/microchip/xc8/v2.35/avr/bin/../lib/gcc/avr/5.4.0/avrxmega4/memx-const\libgcc.a(_copy_data.o)
 .data          0x0000000000000000        0x0 c:/program files/microchip/xc8/v2.35/avr/bin/../lib/gcc/avr/5.4.0/avrxmega4/memx-const\libgcc.a(_copy_data.o)
 .bss           0x0000000000000000        0x0 c:/program files/microchip/xc8/v2.35/avr/bin/../lib/gcc/avr/5.4.0/avrxmega4/memx-const\libgcc.a(_copy_data.o)
 .text.libgcc.mul
                0x0000000000000000        0x0 c:/program files/microchip/xc8/v2.35/avr/bin/../lib/gcc/avr/5.4.0/avrxmega4/memx-const\libgcc.a(_copy_data.o)
 .text.libgcc.div
                0x0000000000000000        0x0 c:/program files/microchip/xc8/v2.35/avr/bin/../lib/gcc/avr/5.4.0/avrxmega4/memx-const\libgcc.a(_copy_data.o)
 .text.libgcc   0x0000000000000000        0x0 c:/program files/microchip/xc8/v2.35/avr/bin/../lib/gcc/avr/5.4.0/avrxmega4/memx-const\libgcc.a(_copy_data.o)
 .text.libgcc.prologue
                0x0000000000000000        0x0 c:/program files/microchip/xc8/v2.35/avr/bin/../lib/gcc/avr/5.4.0/avrxmega4/memx-const\libgcc.a(_copy_data.o)
 .text.libgcc.builtins
                0x0000000000000000        0x0 c:/program files/microchip/xc8/v2.35/avr/bin/../lib/gcc/avr/5.4.0/avrxmega4/memx-const\libgcc.a(_copy_data.o)
 .text.libgcc.fmul
                0x0000000000000000        0x0 c:/program files/microchip/xc8/v2.35/avr/bin/../lib/gcc/avr/5.4.0/avrxmega4/memx-const\libgcc.a(_copy_data.o)
 .text.libgcc.fixed
                0x0000000000000000        0x0 c:/program files/microchip/xc8/v2.35/avr/bin/../lib/gcc/avr/5.4.0/avrxmega4/memx-const\libgcc.a(_copy_data.o)
 .text          0x0000000000000000        0x0 c:/program files/microchip/xc8/v2.35/avr/bin/../lib/gcc/avr/5.4.0/../../../../avr/lib/avrxmega4/memx-const\libc.a(exit.o)
 .data          0x0000000000000000        0x0 c:/program files/microchip/xc8/v2.35/avr/bin/../lib/gcc/avr/5.4.0/../../../../avr/lib/avrxmega4/memx-const\libc.a(exit.o)
 .bss           0x0000000000000000        0x0 c:/program files/microchip/xc8/v2.35/avr/bin/../lib/gcc/avr/5.4.0/../../../../avr/lib/avrxmega4/memx-const\libc.a(exit.o)
 .text          0x0000000000000000        0x0 c:/program files/microchip/xc8/v2.35/avr/bin/../lib/gcc/avr/5.4.0/../../../../avr/lib/avrxmega4/memx-const\libc.a(_Exit.o)
 .data          0x0000000000000000        0x0 c:/program files/microchip/xc8/v2.35/avr/bin/../lib/gcc/avr/5.4.0/../../../../avr/lib/avrxmega4/memx-const\libc.a(_Exit.o)
 .bss           0x0000000000000000        0x0 c:/program files/microchip/xc8/v2.35/avr/bin/../lib/gcc/avr/5.4.0/../../../../avr/lib/avrxmega4/memx-const\libc.a(_Exit.o)
 .text          0x0000000000000000        0x0 c:/program files/microchip/xc8/v2.35/avr/bin/../lib/gcc/avr/5.4.0/avrxmega4/memx-const\libgcc.a(_exit.o)
 .data          0x0000000000000000        0x0 c:/program files/microchip/xc8/v2.35/avr/bin/../lib/gcc/avr/5.4.0/avrxmega4/memx-const\libgcc.a(_exit.o)
 .bss           0x0000000000000000        0x0 c:/program files/microchip/xc8/v2.35/avr/bin/../lib/gcc/avr/5.4.0/avrxmega4/memx-const\libgcc.a(_exit.o)
 .text.libgcc.mul
                0x0000000000000000        0x0 c:/program files/microchip/xc8/v2.35/avr/bin/../lib/gcc/avr/5.4.0/avrxmega4/memx-const\libgcc.a(_exit.o)
 .text.libgcc.div
                0x0000000000000000        0x0 c:/program files/microchip/xc8/v2.35/avr/bin/../lib/gcc/avr/5.4.0/avrxmega4/memx-const\libgcc.a(_exit.o)
 .text.libgcc   0x0000000000000000        0x0 c:/program files/microchip/xc8/v2.35/avr/bin/../lib/gcc/avr/5.4.0/avrxmega4/memx-const\libgcc.a(_exit.o)
 .text.libgcc.prologue
                0x0000000000000000        0x0 c:/program files/microchip/xc8/v2.35/avr/bin/../lib/gcc/avr/5.4.0/avrxmega4/memx-const\libgcc.a(_exit.o)
 .stack.descriptors
                0x0000000000000000       0x13 c:/program files/microchip/xc8/v2.35/avr/bin/../lib/gcc/avr/5.4.0/avrxmega4/memx-const\libgcc.a(_exit.o)
 .text.libgcc.builtins
                0x0000000000000000        0x0 c:/program files/microchip/xc8/v2.35/avr/bin/../lib/gcc/avr/5.4.0/avrxmega4/memx-const\libgcc.a(_exit.o)
 .text.libgcc.fmul
                0x0000000000000000        0x0 c:/program files/microchip/xc8/v2.35/avr/bin/../lib/gcc/avr/5.4.0/avrxmega4/memx-const\libgcc.a(_exit.o)
 .text.libgcc.fixed
                0x0000000000000000        0x0 c:/program files/microchip/xc8/v2.35/avr/bin/../lib/gcc/avr/5.4.0/avrxmega4/memx-const\libgcc.a(_exit.o)

Memory Configuration

Name             Origin             Length             Attributes
text             0x0000000000000000 0x0000000000020000 xr
data             0x0000000000804000 0x0000000000004000 rw !x
eeprom           0x0000000000810000 0x0000000000000200 rw !x
fuse             0x0000000000820000 0x0000000000000010 rw !x
lock             0x0000000000830000 0x0000000000000400 rw !x
signature        0x0000000000840000 0x0000000000000400 rw !x
user_signatures  0x0000000000850000 0x0000000000000400 rw !x
*default*        0x0000000000000000 0xffffffffffffffff

Linker script and memory map

Address of section .data set to 0x804000
                0x0000000000008000                __RODATA_PM_OFFSET__ = 0x8000
LOAD C:/Program Files/Microchip/MPLABX/v5.50/packs/Microchip/AVR-Dx_DFP/1.8.112/xc8/avr/lib/avrxmega4/memx-const/crtavr128da48.o
                0x0000000000000001                __MPLAB_BUILD = 0x1
LOAD build/free/production/mcc_generated_files/system/src/protected_io.o
LOAD build/free/production/mcc_generated_files/system/src/interrupt.o
LOAD build/free/production/mcc_generated_files/system/src/config_bits.o
LOAD build/free/production/mcc_generated_files/system/src/pins.o
LOAD build/free/production/mcc_generated_files/system/src/clock.o
LOAD build/free/production/mcc_generated_files/system/src/system.o
LOAD build/free/production/mcc_generated_files/timer/src/tca1.o
LOAD build/free/production/main.o
START GROUP
LOAD c:/program files/microchip/xc8/v2.35/avr/bin/../lib/gcc/avr/5.4.0/../../../../avr/lib/avrxmega4/memx-const\libm.a
END GROUP
START GROUP
LOAD c:/program files/microchip/xc8/v2.35/avr/bin/../lib/gcc/avr/5.4.0/avrxmega4/memx-const\libgcc.a
LOAD c:/program files/microchip/xc8/v2.35/avr/bin/../lib/gcc/avr/5.4.0/../../../../avr/lib/avrxmega4/memx-const\libm.a
LOAD c:/program files/microchip/xc8/v2.35/avr/bin/../lib/gcc/avr/5.4.0/../../../../avr/lib/avrxmega4/memx-const\libc.a
LOAD C:/Program Files/Microchip/MPLABX/v5.50/packs/Microchip/AVR-Dx_DFP/1.8.112/xc8/avr/lib/avrxmega4/memx-const\libavr128da48.a
END GROUP
                [0x0000000000000000]                __TEXT_REGION_ORIGIN__ = DEFINED (__TEXT_REGION_ORIGIN__)?__TEXT_REGION_ORIGIN__:0x0
                [0x0000000000804000]                __DATA_REGION_ORIGIN__ = DEFINED (__DATA_REGION_ORIGIN__)?__DATA_REGION_ORIGIN__:0x802000
                [0x0000000000020000]                __TEXT_REGION_LENGTH__ = DEFINED (__TEXT_REGION_LENGTH__)?__TEXT_REGION_LENGTH__:0x100000
                [0x0000000000004000]                __DATA_REGION_LENGTH__ = DEFINED (__DATA_REGION_LENGTH__)?__DATA_REGION_LENGTH__:0xffa0
                [0x0000000000000200]                __EEPROM_REGION_LENGTH__ = DEFINED (__EEPROM_REGION_LENGTH__)?__EEPROM_REGION_LENGTH__:0x10000
                [0x0000000000000010]                __FUSE_REGION_LENGTH__ = DEFINED (__FUSE_REGION_LENGTH__)?__FUSE_REGION_LENGTH__:0x400
                0x0000000000000400                __LOCK_REGION_LENGTH__ = DEFINED (__LOCK_REGION_LENGTH__)?__LOCK_REGION_LENGTH__:0x400
                0x0000000000000400                __SIGNATURE_REGION_LENGTH__ = DEFINED (__SIGNATURE_REGION_LENGTH__)?__SIGNATURE_REGION_LENGTH__:0x400
                0x0000000000000400                __USER_SIGNATURE_REGION_LENGTH__ = DEFINED (__USER_SIGNATURE_REGION_LENGTH__)?__USER_SIGNATURE_REGION_LENGTH__:0x400

.hash
 *(.hash)

.dynsym
 *(.dynsym)

.dynstr
 *(.dynstr)

.gnu.version
 *(.gnu.version)

.gnu.version_d
 *(.gnu.version_d)

.gnu.version_r
 *(.gnu.version_r)

.rel.init
 *(.rel.init)

.rela.init
 *(.rela.init)

.rel.text
 *(.rel.text)
 *(.rel.text.*)
 *(.rel.gnu.linkonce.t*)

.rela.text
 *(.rela.text)
 *(.rela.text.*)
 *(.rela.gnu.linkonce.t*)

.rel.fini
 *(.rel.fini)

.rela.fini
 *(.rela.fini)

.rel.rodata
 *(.rel.rodata)
 *(.rel.rodata.*)
 *(.rel.gnu.linkonce.r*)

.rela.rodata
 *(.rela.rodata)
 *(.rela.rodata.*)
 *(.rela.gnu.linkonce.r*)

.rel.data
 *(.rel.data)
 *(.rel.data.*)
 *(.rel.gnu.linkonce.d*)

.rela.data
 *(.rela.data)
 *(.rela.data.*)
 *(.rela.gnu.linkonce.d*)

.rel.ctors
 *(.rel.ctors)

.rela.ctors
 *(.rela.ctors)

.rel.dtors
 *(.rel.dtors)

.rela.dtors
 *(.rela.dtors)

.rel.got
 *(.rel.got)

.rela.got
 *(.rela.got)

.rel.bss
 *(.rel.bss)

.rela.bss
 *(.rela.bss)

.rel.plt
 *(.rel.plt)

.rela.plt
 *(.rela.plt)

.text           0x0000000000000000      0x14c
 *(.vectors)
 .vectors       0x0000000000000000       0xe8 C:/Program Files/Microchip/MPLABX/v5.50/packs/Microchip/AVR-Dx_DFP/1.8.112/xc8/avr/lib/avrxmega4/memx-const/crtavr128da48.o
                0x0000000000000000                __vector_default
                0x0000000000000000                __vectors
 *(.vectors)
 *(.progmem.gcc*)
 *(.dinit)
 .dinit         0x00000000000000e8        0xc data_init
                0x00000000000000f4                . = ALIGN (0x2)
 *fill*         0x00000000000000f4        0x0 
                0x00000000000000f4                __trampolines_start = .
 *(.trampolines)
 .trampolines   0x00000000000000f4        0x0 linker stubs
 *(.trampolines*)
                0x00000000000000f4                __trampolines_end = .
 *libprintf_flt.a:*(.progmem.data)
 *libc.a:*(.progmem.data)
                0x00000000000000f4                . = ALIGN (0x2)
 *(.jumptables)
 *(.jumptables*)
 *(.lowtext)
 *(.lowtext*)
                0x00000000000000f4                __ctors_start = .
 *(.ctors)
                0x00000000000000f4                __ctors_end = .
                0x00000000000000f4                __dtors_start = .
 *(.dtors)
                0x00000000000000f4                __dtors_end = .
 SORT(*)(.ctors)
 SORT(*)(.dtors)
 *(.init0)
 .init0         0x00000000000000f4        0x0 C:/Program Files/Microchip/MPLABX/v5.50/packs/Microchip/AVR-Dx_DFP/1.8.112/xc8/avr/lib/avrxmega4/memx-const/crtavr128da48.o
                0x00000000000000f4                __init
 *(.init0)
 *(.init1)
 *(.init1)
 *(.init2)
 .init2         0x00000000000000f4        0xc C:/Program Files/Microchip/MPLABX/v5.50/packs/Microchip/AVR-Dx_DFP/1.8.112/xc8/avr/lib/avrxmega4/memx-const/crtavr128da48.o
 *(.init2)
 *(.init3)
 *(.init3)
 *(.init4)
 .init4         0x0000000000000100       0x40 c:/program files/microchip/xc8/v2.35/avr/bin/../lib/gcc/avr/5.4.0/avrxmega4/memx-const\libgcc.a(_copy_data.o)
                0x0000000000000100                __do_copy_data
                0x0000000000000132                __do_clear_bss
 *(.init4)
 *(.init5)
 *(.init5)
 *(.init6)
 *(.init6)
 *(.init7)
 *(.init7)
 *(.init8)
 *(.init8)
 *(.init9)
 .init9         0x0000000000000140        0x8 C:/Program Files/Microchip/MPLABX/v5.50/packs/Microchip/AVR-Dx_DFP/1.8.112/xc8/avr/lib/avrxmega4/memx-const/crtavr128da48.o
 *(.init9)
                0x0000000000000148                . = ALIGN (0x2)
 *(.fini9)
 .fini9         0x0000000000000148        0x0 c:/program files/microchip/xc8/v2.35/avr/bin/../lib/gcc/avr/5.4.0/avrxmega4/memx-const\libgcc.a(_exit.o)
                0x0000000000000148                _exit
 *(.fini9)
 *(.fini8)
 *(.fini8)
 *(.fini7)
 *(.fini7)
 *(.fini6)
 *(.fini6)
 *(.fini5)
 *(.fini5)
 *(.fini4)
 *(.fini4)
 *(.fini3)
 *(.fini3)
 *(.fini2)
 *(.fini2)
 *(.fini1)
 *(.fini1)
 *(.fini0)
 .fini0         0x0000000000000148        0x4 c:/program files/microchip/xc8/v2.35/avr/bin/../lib/gcc/avr/5.4.0/avrxmega4/memx-const\libgcc.a(_exit.o)
 *(.fini0)
                0x000000000000014c                _etext = .

.data           0x0000000000804000        0x0 load address 0x000000000000014c
                [!provide]                        PROVIDE (__data_start, .)
 *(.gnu.linkonce.d*)
 *(.gnu.linkonce.r*)
                0x0000000000804000                . = ALIGN (0x2)
                0x0000000000804000                _edata = .
                [!provide]                        PROVIDE (__data_end, .)

.bss            0x0000000000804000        0x0
                [!provide]                        PROVIDE (__bss_start, .)
 *(COMMON)
                [!provide]                        PROVIDE (__bss_end, .)
                0x000000000000014c                __data_load_start = LOADADDR (.data)
                0x000000000000014c                __data_load_end = (__data_load_start + SIZEOF (.data))

.noinit         0x0000000000804000        0x0
                [!provide]                        PROVIDE (__noinit_start, .)
 *(.noinit*)
                [!provide]                        PROVIDE (__noinit_end, .)
                0x0000000000804000                _end = .

.eeprom         0x0000000000810000        0x0
 *(.eeprom*)
                0x0000000000810000                __eeprom_end = .

.fuse           0x0000000000820000        0x9
 *(.fuse)
 .fuse          0x0000000000820000        0x9 build/free/production/mcc_generated_files/system/src/config_bits.o
                0x0000000000820000                __fuse
 *(.lfuse)
 *(.hfuse)
 *(.efuse)

.lock
 *(.lock*)

.signature
 *(.signature*)

.user_signatures
 *(.user_signatures*)

.stab
 *(.stab)

.stabstr
 *(.stabstr)

.stab.excl
 *(.stab.excl)

.stab.exclstr
 *(.stab.exclstr)

.stab.index
 *(.stab.index)

.stab.indexstr
 *(.stab.indexstr)

.comment        0x0000000000000000       0x2f
 *(.comment)
 .comment       0x0000000000000000       0x2f build/free/production/mcc_generated_files/system/src/interrupt.o
                                         0x30 (size before relaxing)
 .comment       0x000000000000002f       0x30 build/free/production/mcc_generated_files/system/src/config_bits.o
 .comment       0x000000000000002f       0x30 build/free/production/mcc_generated_files/system/src/pins.o
 .comment       0x000000000000002f       0x30 build/free/production/mcc_generated_files/system/src/clock.o
 .comment       0x000000000000002f       0x30 build/free/production/mcc_generated_files/system/src/system.o
 .comment       0x000000000000002f       0x30 build/free/production/mcc_generated_files/timer/src/tca1.o
 .comment       0x000000000000002f       0x30 build/free/production/main.o
 .comment       0x000000000000002f       0x30 c:/program files/microchip/xc8/v2.35/avr/bin/../lib/gcc/avr/5.4.0/../../../../avr/lib/avrxmega4/memx-const\libc.a(exit.o)
 .comment       0x000000000000002f       0x30 c:/program files/microchip/xc8/v2.35/avr/bin/../lib/gcc/avr/5.4.0/../../../../avr/lib/avrxmega4/memx-const\libc.a(_Exit.o)

.note.GNU-stack
                0x0000000000000000        0x0
 .note.GNU-stack
                0x0000000000000000        0x0 c:/program files/microchip/xc8/v2.35/avr/bin/../lib/gcc/avr/5.4.0/../../../../avr/lib/avrxmega4/memx-const\libc.a(exit.o)
 .note.GNU-stack
                0x0000000000000000        0x0 c:/program files/microchip/xc8/v2.35/avr/bin/../lib/gcc/avr/5.4.0/../../../../avr/lib/avrxmega4/memx-const\libc.a(_Exit.o)

.stack.descriptors.hdr
                0x0000000000000000        0xe
 .stack.descriptors.hdr
                0x0000000000000000        0xe c:/program files/microchip/xc8/v2.35/avr/bin/../lib/gcc/avr/5.4.0/avrxmega4/memx-const\libgcc.a(_exit.o)

.note.gnu.build-id
 *(.note.gnu.build-id)

.debug
 *(.debug)

.line
 *(.line)

.debug_srcinfo
 *(.debug_srcinfo)

.debug_sfnames
 *(.debug_sfnames)

.debug_aranges  0x0000000000000000      0x210
 *(.debug_aranges)
 .debug_aranges
                0x0000000000000000       0x20 build/free/production/mcc_generated_files/system/src/protected_io.o
 .debug_aranges
                0x0000000000000020       0x20 build/free/production/mcc_generated_files/system/src/interrupt.o
 .debug_aranges
                0x0000000000000040       0x18 build/free/production/mcc_generated_files/system/src/config_bits.o
 .debug_aranges
                0x0000000000000058       0x68 build/free/production/mcc_generated_files/system/src/pins.o
 .debug_aranges
                0x00000000000000c0       0x20 build/free/production/mcc_generated_files/system/src/clock.o
 .debug_aranges
                0x00000000000000e0       0x20 build/free/production/mcc_generated_files/system/src/system.o
 .debug_aranges
                0x0000000000000100       0xf0 build/free/production/mcc_generated_files/timer/src/tca1.o
 .debug_aranges
                0x00000000000001f0       0x20 build/free/production/main.o

.debug_pubnames
 *(.debug_pubnames)

.debug_info     0x0000000000000000     0x6034
 *(.debug_info .gnu.linkonce.wi.*)
 .debug_info    0x0000000000000000     0x2c24 C:/Program Files/Microchip/MPLABX/v5.50/packs/Microchip/AVR-Dx_DFP/1.8.112/xc8/avr/lib/avrxmega4/memx-const/crtavr128da48.o
 .debug_info    0x0000000000002c24       0xee build/free/production/mcc_generated_files/system/src/protected_io.o
 .debug_info    0x0000000000002d12      0x442 build/free/production/mcc_generated_files/system/src/interrupt.o
 .debug_info    0x0000000000003154      0x8aa build/free/production/mcc_generated_files/system/src/config_bits.o
 .debug_info    0x00000000000039fe      0x8c1 build/free/production/mcc_generated_files/system/src/pins.o
 .debug_info    0x00000000000042bf      0x789 build/free/production/mcc_generated_files/system/src/clock.o
 .debug_info    0x0000000000004a48      0x340 build/free/production/mcc_generated_files/system/src/system.o
 .debug_info    0x0000000000004d88      0xfd7 build/free/production/mcc_generated_files/timer/src/tca1.o
 .debug_info    0x0000000000005d5f      0x2d5 build/free/production/main.o

.debug_abbrev   0x0000000000000000     0x30b5
 *(.debug_abbrev)
 .debug_abbrev  0x0000000000000000     0x29ce C:/Program Files/Microchip/MPLABX/v5.50/packs/Microchip/AVR-Dx_DFP/1.8.112/xc8/avr/lib/avrxmega4/memx-const/crtavr128da48.o
 .debug_abbrev  0x00000000000029ce       0x14 build/free/production/mcc_generated_files/system/src/protected_io.o
 .debug_abbrev  0x00000000000029e2       0xfa build/free/production/mcc_generated_files/system/src/interrupt.o
 .debug_abbrev  0x0000000000002adc       0x97 build/free/production/mcc_generated_files/system/src/config_bits.o
 .debug_abbrev  0x0000000000002b73      0x183 build/free/production/mcc_generated_files/system/src/pins.o
 .debug_abbrev  0x0000000000002cf6      0x11d build/free/production/mcc_generated_files/system/src/clock.o
 .debug_abbrev  0x0000000000002e13       0x58 build/free/production/mcc_generated_files/system/src/system.o
 .debug_abbrev  0x0000000000002e6b      0x1ed build/free/production/mcc_generated_files/timer/src/tca1.o
 .debug_abbrev  0x0000000000003058       0x5d build/free/production/main.o

.debug_line     0x0000000000000000     0x10fe
 *(.debug_line .debug_line.* .debug_line_end)
 .debug_line    0x0000000000000000      0x1f6 C:/Program Files/Microchip/MPLABX/v5.50/packs/Microchip/AVR-Dx_DFP/1.8.112/xc8/avr/lib/avrxmega4/memx-const/crtavr128da48.o
 .debug_line    0x00000000000001f6       0x73 build/free/production/mcc_generated_files/system/src/protected_io.o
 .debug_line    0x0000000000000269      0x196 build/free/production/mcc_generated_files/system/src/interrupt.o
 .debug_line    0x00000000000003ff      0x103 build/free/production/mcc_generated_files/system/src/config_bits.o
 .debug_line    0x0000000000000502      0x4cf build/free/production/mcc_generated_files/system/src/pins.o
 .debug_line    0x00000000000009d1      0x17e build/free/production/mcc_generated_files/system/src/clock.o
 .debug_line    0x0000000000000b4f       0xf2 build/free/production/mcc_generated_files/system/src/system.o
 .debug_line    0x0000000000000c41      0x45c build/free/production/mcc_generated_files/timer/src/tca1.o
 .debug_line    0x000000000000109d       0x61 build/free/production/main.o

.debug_frame    0x0000000000000000      0x47c
 *(.debug_frame)
 .debug_frame   0x0000000000000000       0x24 build/free/production/mcc_generated_files/system/src/interrupt.o
 .debug_frame   0x0000000000000024      0x108 build/free/production/mcc_generated_files/system/src/pins.o
 .debug_frame   0x000000000000012c       0x24 build/free/production/mcc_generated_files/system/src/clock.o
 .debug_frame   0x0000000000000150       0x24 build/free/production/mcc_generated_files/system/src/system.o
 .debug_frame   0x0000000000000174      0x2e4 build/free/production/mcc_generated_files/timer/src/tca1.o
 .debug_frame   0x0000000000000458       0x24 build/free/production/main.o

.debug_str      0x0000000000000000     0x1408
 *(.debug_str)
 .debug_str     0x0000000000000000     0x1320 C:/Program Files/Microchip/MPLABX/v5.50/packs/Microchip/AVR-Dx_DFP/1.8.112/xc8/avr/lib/avrxmega4/memx-const/crtavr128da48.o
 .debug_str     0x0000000000001320       0x13 build/free/production/mcc_generated_files/system/src/interrupt.o
 .debug_str     0x0000000000001333        0x0 build/free/production/mcc_generated_files/system/src/config_bits.o
 .debug_str     0x0000000000001333       0x14 build/free/production/mcc_generated_files/system/src/pins.o
 .debug_str     0x0000000000001347       0x13 build/free/production/mcc_generated_files/system/src/clock.o
 .debug_str     0x000000000000135a       0x4a build/free/production/mcc_generated_files/system/src/system.o
 .debug_str     0x00000000000013a4       0x52 build/free/production/mcc_generated_files/timer/src/tca1.o
 .debug_str     0x00000000000013f6       0x12 build/free/production/main.o

.debug_loc      0x0000000000000000      0x213
 *(.debug_loc)
 .debug_loc     0x0000000000000000       0x2a build/free/production/mcc_generated_files/system/src/interrupt.o
 .debug_loc     0x000000000000002a       0x78 build/free/production/mcc_generated_files/system/src/pins.o
 .debug_loc     0x00000000000000a2      0x171 build/free/production/mcc_generated_files/system/src/clock.o

.debug_macinfo
 *(.debug_macinfo)

.debug_weaknames
 *(.debug_weaknames)

.debug_funcnames
 *(.debug_funcnames)

.debug_typenames
 *(.debug_typenames)

.debug_varnames
 *(.debug_varnames)

.debug_pubtypes
 *(.debug_pubtypes)

.debug_ranges   0x0000000000000000      0x178
 *(.debug_ranges)
 .debug_ranges  0x0000000000000000       0x10 build/free/production/mcc_generated_files/system/src/interrupt.o
 .debug_ranges  0x0000000000000010       0x58 build/free/production/mcc_generated_files/system/src/pins.o
 .debug_ranges  0x0000000000000068       0x10 build/free/production/mcc_generated_files/system/src/clock.o
 .debug_ranges  0x0000000000000078       0x10 build/free/production/mcc_generated_files/system/src/system.o
 .debug_ranges  0x0000000000000088       0xe0 build/free/production/mcc_generated_files/timer/src/tca1.o
 .debug_ranges  0x0000000000000168       0x10 build/free/production/main.o

.debug_macro
 *(.debug_macro)
OUTPUT(dist/free/production/avr128da48-cnano-led-blink-pwm-mcc.X.production.elf elf32-avr)
LOAD linker stubs
LOAD data_init

.note.gnu.avr.deviceinfo
                0x0000000000000000       0x40
 .note.gnu.avr.deviceinfo
                0x0000000000000000       0x40 C:/Program Files/Microchip/MPLABX/v5.50/packs/Microchip/AVR-Dx_DFP/1.8.112/xc8/avr/lib/avrxmega4/memx-const/crtavr128da48.o

.bss.PC6_InterruptHandler
                0x0000000000804000        0x2
 .bss.PC6_InterruptHandler
                0x0000000000804000        0x2 build/free/production/mcc_generated_files/system/src/pins.o

.text.PIN_MANAGER_Initialize
                0x000000000000014c      0x14a
 .text.PIN_MANAGER_Initialize
                0x000000000000014c      0x14a build/free/production/mcc_generated_files/system/src/pins.o
                0x000000000000014c                PIN_MANAGER_Initialize

.text.PORT_Initialize
                0x0000000000000296       0x6e
 .text.PORT_Initialize
                0x0000000000000296       0x6e build/free/production/mcc_generated_files/system/src/pins.o
                0x0000000000000296                PORT_Initialize

.text.CLOCK_Initialize
                0x0000000000000304       0x6e
 .text.CLOCK_Initialize
                0x0000000000000304       0x6e build/free/production/mcc_generated_files/system/src/clock.o
                0x0000000000000304                CLOCK_Initialize

.text.__vector_48
                0x0000000000000372       0x60
 .text.__vector_48
                0x0000000000000372       0x60 build/free/production/mcc_generated_files/timer/src/tca1.o
                0x0000000000000372                __vector_48

.text.__vector_49
                0x00000000000003d2       0x60
 .text.__vector_49
                0x00000000000003d2       0x60 build/free/production/mcc_generated_files/timer/src/tca1.o
                0x00000000000003d2                __vector_49

.text.__vector_50
                0x0000000000000432       0x60
 .text.__vector_50
                0x0000000000000432       0x60 build/free/production/mcc_generated_files/timer/src/tca1.o
                0x0000000000000432                __vector_50

.text.__vector_46
                0x0000000000000492       0x60
 .text.__vector_46
                0x0000000000000492       0x60 build/free/production/mcc_generated_files/timer/src/tca1.o
                0x0000000000000492                __vector_46

.text.__vector_29
                0x00000000000004f2       0x5e
 .text.__vector_29
                0x00000000000004f2       0x5e build/free/production/mcc_generated_files/system/src/pins.o
                0x00000000000004f2                __vector_29

.text.TCA1_Initialize
                0x0000000000000550       0x40
 .text.TCA1_Initialize
                0x0000000000000550       0x40 build/free/production/mcc_generated_files/timer/src/tca1.o
                0x0000000000000550                TCA1_Initialize

.text.CPUINT_Initialize
                0x0000000000000590       0x18
 .text.CPUINT_Initialize
                0x0000000000000590       0x18 build/free/production/mcc_generated_files/system/src/interrupt.o
                0x0000000000000590                CPUINT_Initialize

.text.exit      0x00000000000005a8       0x16
 .text.exit     0x00000000000005a8       0x16 c:/program files/microchip/xc8/v2.35/avr/bin/../lib/gcc/avr/5.4.0/../../../../avr/lib/avrxmega4/memx-const\libc.a(exit.o)
                0x00000000000005a8                exit

.text.SYSTEM_Initialize
                0x00000000000005be       0x12
 .text.SYSTEM_Initialize
                0x00000000000005be       0x12 build/free/production/mcc_generated_files/system/src/system.o
                0x00000000000005be                SYSTEM_Initialize

.text.protected_write_io
                0x00000000000005d0        0xa
 .text.protected_write_io
                0x00000000000005d0        0xa build/free/production/mcc_generated_files/system/src/protected_io.o
                0x00000000000005d0                protected_write_io

.text.__vector_6
                0x00000000000005da        0xa
 .text.__vector_6
                0x00000000000005da        0xa build/free/production/mcc_generated_files/system/src/pins.o
                0x00000000000005da                __vector_6

.text.__vector_44
                0x00000000000005e4        0xa
 .text.__vector_44
                0x00000000000005e4        0xa build/free/production/mcc_generated_files/system/src/pins.o
                0x00000000000005e4                __vector_44

.text.__vector_22
                0x00000000000005ee        0xa
 .text.__vector_22
                0x00000000000005ee        0xa build/free/production/mcc_generated_files/system/src/pins.o
                0x00000000000005ee                __vector_22

.text.__vector_45
                0x00000000000005f8        0xa
 .text.__vector_45
                0x00000000000005f8        0xa build/free/production/mcc_generated_files/system/src/pins.o
                0x00000000000005f8                __vector_45

.text.__vector_34
                0x0000000000000602        0xa
 .text.__vector_34
                0x0000000000000602        0xa build/free/production/mcc_generated_files/system/src/pins.o
                0x0000000000000602                __vector_34

.text.main      0x000000000000060c        0x6
 .text.main     0x000000000000060c        0x6 build/free/production/main.o
                0x000000000000060c                main

.text           0x0000000000000612        0x4
 .text          0x0000000000000612        0x4 C:/Program Files/Microchip/MPLABX/v5.50/packs/Microchip/AVR-Dx_DFP/1.8.112/xc8/avr/lib/avrxmega4/memx-const/crtavr128da48.o
                0x0000000000000612                __vector_38
                0x0000000000000612                __vector_28
                0x0000000000000612                __vector_1
                0x0000000000000612                __vector_32
                0x0000000000000612                __vector_24
                0x0000000000000612                __vector_12
                0x0000000000000612                __vector_55
                0x0000000000000612                __bad_interrupt
                0x0000000000000612                __vector_31
                0x0000000000000612                __vector_35
                0x0000000000000612                __vector_39
                0x0000000000000612                __vector_3
                0x0000000000000612                __vector_23
                0x0000000000000612                __vector_30
                0x0000000000000612                __vector_25
                0x0000000000000612                __vector_11
                0x0000000000000612                __vector_54
                0x0000000000000612                __vector_13
                0x0000000000000612                __vector_17
                0x0000000000000612                __vector_19
                0x0000000000000612                __vector_56
                0x0000000000000612                __vector_7
                0x0000000000000612                __vector_41
                0x0000000000000612                __vector_43
                0x0000000000000612                __vector_27
                0x0000000000000612                __vector_5
                0x0000000000000612                __vector_33
                0x0000000000000612                __vector_47
                0x0000000000000612                __vector_52
                0x0000000000000612                __vector_37
                0x0000000000000612                __vector_4
                0x0000000000000612                __vector_51
                0x0000000000000612                __vector_9
                0x0000000000000612                __vector_2
                0x0000000000000612                __vector_21
                0x0000000000000612                __vector_15
                0x0000000000000612                __vector_36
                0x0000000000000612                __vector_40
                0x0000000000000612                __vector_8
                0x0000000000000612                __vector_26
                0x0000000000000612                __vector_14
                0x0000000000000612                __vector_57
                0x0000000000000612                __vector_53
                0x0000000000000612                __vector_10
                0x0000000000000612                __vector_16
                0x0000000000000612                __vector_18
                0x0000000000000612                __vector_20
                0x0000000000000612                __vector_42

.text._Exit     0x0000000000000616        0x4
 .text._Exit    0x0000000000000616        0x4 c:/program files/microchip/xc8/v2.35/avr/bin/../lib/gcc/avr/5.4.0/../../../../avr/lib/avrxmega4/memx-const\libc.a(_Exit.o)
                0x0000000000000616                _Exit

.text.PC6_DefaultInterruptHandler
                0x000000000000061a        0x2
 .text.PC6_DefaultInterruptHandler
                0x000000000000061a        0x2 build/free/production/mcc_generated_files/system/src/pins.o
                0x000000000000061a                PC6_DefaultInterruptHandler

.text.TCA1_DefaultCompare0CallbackRegister
                0x000000000000061c        0x2
 .text.TCA1_DefaultCompare0CallbackRegister
                0x000000000000061c        0x2 build/free/production/mcc_generated_files/timer/src/tca1.o
                0x000000000000061c                TCA1_DefaultCompare0CallbackRegister

.text.TCA1_DefaultCompare1CallbackRegister
                0x000000000000061e        0x2
 .text.TCA1_DefaultCompare1CallbackRegister
                0x000000000000061e        0x2 build/free/production/mcc_generated_files/timer/src/tca1.o
                0x000000000000061e                TCA1_DefaultCompare1CallbackRegister

.text.TCA1_DefaultCompare2CallbackRegister
                0x0000000000000620        0x2
 .text.TCA1_DefaultCompare2CallbackRegister
                0x0000000000000620        0x2 build/free/production/mcc_generated_files/timer/src/tca1.o
                0x0000000000000620                TCA1_DefaultCompare2CallbackRegister

.text.TCA1_DefaultOverflowCallbackRegister
                0x0000000000000622        0x2
 .text.TCA1_DefaultOverflowCallbackRegister
                0x0000000000000622        0x2 build/free/production/mcc_generated_files/timer/src/tca1.o
                0x0000000000000622                TCA1_DefaultOverflowCallbackRegister

.text.__dummy_fini
                0x0000000000000624        0x2
 .text.__dummy_fini
                0x0000000000000624        0x2 c:/program files/microchip/xc8/v2.35/avr/bin/../lib/gcc/avr/5.4.0/../../../../avr/lib/avrxmega4/memx-const\libc.a(exit.o)
                0x0000000000000624                _fini

.text.__dummy_funcs_on_exit
                0x0000000000000626        0x2
 .text.__dummy_funcs_on_exit
                0x0000000000000626        0x2 c:/program files/microchip/xc8/v2.35/avr/bin/../lib/gcc/avr/5.4.0/../../../../avr/lib/avrxmega4/memx-const\libc.a(exit.o)
                0x0000000000000626                __funcs_on_exit

.text.__dummy_simulator_exit
                0x0000000000000628        0x2
 .text.__dummy_simulator_exit
                0x0000000000000628        0x2 c:/program files/microchip/xc8/v2.35/avr/bin/../lib/gcc/avr/5.4.0/../../../../avr/lib/avrxmega4/memx-const\libc.a(exit.o)
                0x0000000000000628                __simulator_exit

.data.TCA1_OVF_isr_cb
                0x0000000000804002        0x2 load address 0x000000000000062a
 .data.TCA1_OVF_isr_cb
                0x0000000000804002        0x2 build/free/production/mcc_generated_files/timer/src/tca1.o
                0x0000000000804002                TCA1_OVF_isr_cb

.data.TCA1_CMP2_isr_cb
                0x0000000000804004        0x2 load address 0x000000000000062c
 .data.TCA1_CMP2_isr_cb
                0x0000000000804004        0x2 build/free/production/mcc_generated_files/timer/src/tca1.o
                0x0000000000804004                TCA1_CMP2_isr_cb

.data.TCA1_CMP1_isr_cb
                0x0000000000804006        0x2 load address 0x000000000000062e
 .data.TCA1_CMP1_isr_cb
                0x0000000000804006        0x2 build/free/production/mcc_generated_files/timer/src/tca1.o
                0x0000000000804006                TCA1_CMP1_isr_cb

.data.TCA1_CMP0_isr_cb
                0x0000000000804008        0x2 load address 0x0000000000000630
 .data.TCA1_CMP0_isr_cb
                0x0000000000804008        0x2 build/free/production/mcc_generated_files/timer/src/tca1.o
                0x0000000000804008                TCA1_CMP0_isr_cb
